------------------------------------------------------
Started: 2026-10-01 12:48:24.604322
Existing_entries: 0
Fetching from https://mondovisione.com/media-and-resources/news/rss/
Summarization failed, append the original article
error: __init__() got an unexpected keyword argument 'proxies'
Append: [Miami International Holdings Announces Date Of Third Quarter 2026 Earnings Release And Conference Call](http://www.mondovisione.com/media-and-resources/news/miami-international-holdings-announces-date-of-third-quarter-2026-earnings-relea-2026101/)
Summarization failed, append the original article
error: __init__() got an unexpected keyword argument 'proxies'
Append: [Boerse Stuttgart Records September Turnover Of Around EUR 16 Billion - Increases In All Asset Classes Compared To The Same Month Of The Previous Year](http://www.mondovisione.com/media-and-resources/news/boerse-stuttgart-records-september-turnover-of-around-eur-16-billion-increases-2026101/)
Summarization failed, append the original article
error: __init__() got an unexpected keyword argument 'proxies'
Append: [The Payments Association Acquires TPA EU To Accelerate International Expansion - Acquisition Of European Sister Organisation Creates A 350+ Member Payments Community And Marks The First Major Step In The Payments Association’s International Growth Strategy](http://www.mondovisione.com/media-and-resources/news/the-payments-association-acquires-tpa-eu-to-accelerate-international-expansion-2026101/)
Summarization failed, append the original article
error: __init__() got an unexpected keyword argument 'proxies'
Append: [SIX Exchanges Figures: September 2026](http://www.mondovisione.com/media-and-resources/news/six-exchanges-figures-september-2026-2026101/)
Summarization failed, append the original article
error: __init__() got an unexpected keyword argument 'proxies'
Append: [Tokenovate Appoints William L’Heveder As Chief Revenue Officer To Accelerate Growth - Former BMLL Executive Joins To Build On Tokenovate’s Market Momentum, Scale Commercial Growth And Drive Institutional Adoption](http://www.mondovisione.com/media-and-resources/news/tokenovate-appoints-william-lheveder-as-chief-revenue-officer-to-accelerate-gro-2026101/)
Append: [Teciem Accelerates Growth With Appointments Of Chief Technology Officer And Chief Customer Officer - New Executive Appointments Further Advance Teciem Commitment To Customer-Centric Innovation, Cloud Transformation And Delivering AI-Enabled Solutions Across Treasury And Capital Markets](http://www.mondovisione.com/media-and-resources/news/teciem-accelerates-growth-with-appointments-of-chief-technology-officer-and-chie-2026101/)
Append: [Swiss Cloud Pioneer Infomaniak Joins SIX Swiss Exchange](http://www.mondovisione.com/media-and-resources/news/swiss-cloud-pioneer-infomaniak-joins-six-swiss-exchange-2026101/)
Append: [Ping An Asset Management (Hong Kong) Launches Healthcare And AI ETFs Tracking Solactive Indices](http://www.mondovisione.com/media-and-resources/news/ping-an-asset-management-hong-kong-launches-healthcare-and-ai-etfs-tracking-so-2026101/)
Append: [Saudi Exchange Announces Enhancement To Market Order Behavior](http://www.mondovisione.com/media-and-resources/news/saudi-exchange-announces-enhancement-to-market-order-behavior-2026101/)
Append: [UK Public M&A Q3 2026 Market Update – White & Case](http://www.mondovisione.com/media-and-resources/news/uk-public-manda-q3-2026-market-update-white-and-case-2026101/)
append_entries: 10
Finish: 2026-10-01 12:48:25.505813
